/home/pi/.firewalla/run/device-detector-regexes.tar.gz /all/device-detector-regexes.tar.gz 644 ':' 'cd /home/pi/.firewalla/run/; tar -zxf device-detector-regexes.tar.gz; redis-cli publish "TO.FireMain" '\''{"type":"DeviceDetector:RegexUpdated","toProcess":"FireMain"}'\'
/home/pi/.firewalla/run/assets/detect.tar.gz /all/detect.tar.gz 644 ':' 'cd /home/pi/.firewalla/run/assets; tar -zxf detect.tar.gz; redis-cli publish "assets:updated" "detect/"'
/home/pi/.firewalla/run/assets/http-brute.nse /all/http-brute.nse 644
/home/pi/.firewalla/run/assets/broadcast-dhcp-discover.nse /all/broadcast-dhcp-discover.nse 644
/home/pi/.firewalla/run/assets/dhcp-discover.nse /all/dhcp-discover.nse 644
/home/pi/.firewalla/run/assets/mysql-brute.nse /all/mysql-brute.nse 644
/home/pi/.firewalla/run/assets/mysql8.lua /all/mysql8.lua 644 ':' 'SLNAME="/usr/share/nmap/nselib/mysql8.lua"; if [[ -L "${SLNAME}" ]];then sudo rm ${SLNAME}; fi; if [[ ! -f "${SLNAME}" ]]; then sudo ln -s /home/pi/.firewalla/run/assets/mysql8.lua ${SLNAME}; fi'
/home/pi/.firewalla/run/assets/outlib.lua /all/outlib.lua 644 ':' 'SLNAME="/usr/share/nmap/nselib/outlib.lua"; if [[ -L "${SLNAME}" ]];then sudo rm ${SLNAME}; fi; if [[ ! -f "${SLNAME}" ]]; then sudo ln -s /home/pi/.firewalla/run/assets/outlib.lua ${SLNAME}; fi'
/home/pi/.firewalla/run/assets/nmap-mac-prefixes /all/nmap-mac-prefixes 644 ':' 'sudo cp -f /home/pi/.firewalla/run/assets/nmap-mac-prefixes /usr/share/nmap/nmap-mac-prefixes'
/home/pi/.firewalla/run/assets/freeradius.tar.gz /all/freeradius.tar.gz 644 ':' 'cd /home/pi/.firewalla/run/assets; tar -C /home/pi/.firewalla/config -zxf freeradius.tar.gz'
